QA output created by 375
*** SGID should remain set (twice)
-rwxrwsrwx
-rwxrwsrwx
*** SGID should be cleared (twice)
-rwxrwxrwx
-rwxrwxrwx
*** Expected failure
chmod: changing permissions of 'testfile.375': Operation not permitted
