QA output created by 376
Filesystem contents after log replay:
SCRATCH_MNT/dir:
bar
foo
