QA output created by 263
==== NO CRC ====
== Options: rw ==
== Options: usrquota,rw ==
User quota state on SCRATCH_MNT (SCRATCH_DEV)
  Accounting: ON
  Enforcement: ON
  Inode: #131 (1 blocks, 1 extents)
Group quota state on SCRATCH_MNT (SCRATCH_DEV)
  Accounting: OFF
  Enforcement: OFF
  Inode: N/A
Project quota state on SCRATCH_MNT (SCRATCH_DEV)
  Accounting: OFF
  Enforcement: OFF
  Inode: N/A
Blocks grace time: [7 days]
Inodes grace time: [7 days]
Realtime Blocks grace time: [7 days]
== Options: grpquota,rw ==
User quota state on SCRATCH_MNT (SCRATCH_DEV)
  Accounting: OFF
  Enforcement: OFF
  Inode: #131 (1 blocks, 1 extents)
Group quota state on SCRATCH_MNT (SCRATCH_DEV)
  Accounting: ON
  Enforcement: ON
  Inode: #132 (1 blocks, 1 extents)
Project quota state on SCRATCH_MNT (SCRATCH_DEV)
  Accounting: OFF
  Enforcement: OFF
  Inode: N/A
Blocks grace time: [7 days]
Inodes grace time: [7 days]
Realtime Blocks grace time: [7 days]
== Options: usrquota,grpquota,rw ==
User quota state on SCRATCH_MNT (SCRATCH_DEV)
  Accounting: ON
  Enforcement: ON
  Inode: #131 (1 blocks, 1 extents)
Group quota state on SCRATCH_MNT (SCRATCH_DEV)
  Accounting: ON
  Enforcement: ON
  Inode: #132 (1 blocks, 1 extents)
Project quota state on SCRATCH_MNT (SCRATCH_DEV)
  Accounting: OFF
  Enforcement: OFF
  Inode: N/A
Blocks grace time: [7 days]
Inodes grace time: [7 days]
Realtime Blocks grace time: [7 days]
== Options: prjquota,rw ==
User quota state on SCRATCH_MNT (SCRATCH_DEV)
  Accounting: OFF
  Enforcement: OFF
  Inode: #131 (1 blocks, 1 extents)
Group quota state on SCRATCH_MNT (SCRATCH_DEV)
  Accounting: OFF
  Enforcement: OFF
  Inode: N/A
Project quota state on SCRATCH_MNT (SCRATCH_DEV)
  Accounting: ON
  Enforcement: ON
  Inode: #132 (1 blocks, 1 extents)
Blocks grace time: [7 days]
Inodes grace time: [7 days]
Realtime Blocks grace time: [7 days]
== Options: usrquota,prjquota,rw ==
User quota state on SCRATCH_MNT (SCRATCH_DEV)
  Accounting: ON
  Enforcement: ON
  Inode: #131 (1 blocks, 1 extents)
Group quota state on SCRATCH_MNT (SCRATCH_DEV)
  Accounting: OFF
  Enforcement: OFF
  Inode: N/A
Project quota state on SCRATCH_MNT (SCRATCH_DEV)
  Accounting: ON
  Enforcement: ON
  Inode: #132 (1 blocks, 1 extents)
Blocks grace time: [7 days]
Inodes grace time: [7 days]
Realtime Blocks grace time: [7 days]
== Options: grpquota,prjquota,rw ==
== Options: usrquota,grpquota,prjquota,rw ==
==== CRC ====
== Options: rw ==
== Options: usrquota,rw ==
User quota state on SCRATCH_MNT (SCRATCH_DEV)
  Accounting: ON
  Enforcement: ON
  Inode: #99 (1 blocks, 1 extents)
Group quota state on SCRATCH_MNT (SCRATCH_DEV)
  Accounting: OFF
  Enforcement: OFF
  Inode: N/A
Project quota state on SCRATCH_MNT (SCRATCH_DEV)
  Accounting: OFF
  Enforcement: OFF
  Inode: N/A
Blocks grace time: [7 days]
Inodes grace time: [7 days]
Realtime Blocks grace time: [7 days]
== Options: grpquota,rw ==
User quota state on SCRATCH_MNT (SCRATCH_DEV)
  Accounting: OFF
  Enforcement: OFF
  Inode: #99 (1 blocks, 1 extents)
Group quota state on SCRATCH_MNT (SCRATCH_DEV)
  Accounting: ON
  Enforcement: ON
  Inode: #100 (1 blocks, 1 extents)
Project quota state on SCRATCH_MNT (SCRATCH_DEV)
  Accounting: OFF
  Enforcement: OFF
  Inode: N/A
Blocks grace time: [7 days]
Inodes grace time: [7 days]
Realtime Blocks grace time: [7 days]
== Options: usrquota,grpquota,rw ==
User quota state on SCRATCH_MNT (SCRATCH_DEV)
  Accounting: ON
  Enforcement: ON
  Inode: #99 (1 blocks, 1 extents)
Group quota state on SCRATCH_MNT (SCRATCH_DEV)
  Accounting: ON
  Enforcement: ON
  Inode: #100 (1 blocks, 1 extents)
Project quota state on SCRATCH_MNT (SCRATCH_DEV)
  Accounting: OFF
  Enforcement: OFF
  Inode: N/A
Blocks grace time: [7 days]
Inodes grace time: [7 days]
Realtime Blocks grace time: [7 days]
== Options: prjquota,rw ==
User quota state on SCRATCH_MNT (SCRATCH_DEV)
  Accounting: OFF
  Enforcement: OFF
  Inode: #99 (1 blocks, 1 extents)
Group quota state on SCRATCH_MNT (SCRATCH_DEV)
  Accounting: OFF
  Enforcement: OFF
  Inode: #100 (1 blocks, 1 extents)
Project quota state on SCRATCH_MNT (SCRATCH_DEV)
  Accounting: ON
  Enforcement: ON
  Inode: #101 (1 blocks, 1 extents)
Blocks grace time: [7 days]
Inodes grace time: [7 days]
Realtime Blocks grace time: [7 days]
== Options: usrquota,prjquota,rw ==
User quota state on SCRATCH_MNT (SCRATCH_DEV)
  Accounting: ON
  Enforcement: ON
  Inode: #99 (1 blocks, 1 extents)
Group quota state on SCRATCH_MNT (SCRATCH_DEV)
  Accounting: OFF
  Enforcement: OFF
  Inode: #100 (1 blocks, 1 extents)
Project quota state on SCRATCH_MNT (SCRATCH_DEV)
  Accounting: ON
  Enforcement: ON
  Inode: #101 (1 blocks, 1 extents)
Blocks grace time: [7 days]
Inodes grace time: [7 days]
Realtime Blocks grace time: [7 days]
== Options: grpquota,prjquota,rw ==
User quota state on SCRATCH_MNT (SCRATCH_DEV)
  Accounting: OFF
  Enforcement: OFF
  Inode: #99 (1 blocks, 1 extents)
Group quota state on SCRATCH_MNT (SCRATCH_DEV)
  Accounting: ON
  Enforcement: ON
  Inode: #100 (1 blocks, 1 extents)
Project quota state on SCRATCH_MNT (SCRATCH_DEV)
  Accounting: ON
  Enforcement: ON
  Inode: #101 (1 blocks, 1 extents)
Blocks grace time: [7 days]
Inodes grace time: [7 days]
Realtime Blocks grace time: [7 days]
== Options: usrquota,grpquota,prjquota,rw ==
User quota state on SCRATCH_MNT (SCRATCH_DEV)
  Accounting: ON
  Enforcement: ON
  Inode: #99 (1 blocks, 1 extents)
Group quota state on SCRATCH_MNT (SCRATCH_DEV)
  Accounting: ON
  Enforcement: ON
  Inode: #100 (1 blocks, 1 extents)
Project quota state on SCRATCH_MNT (SCRATCH_DEV)
  Accounting: ON
  Enforcement: ON
  Inode: #101 (1 blocks, 1 extents)
Blocks grace time: [7 days]
Inodes grace time: [7 days]
Realtime Blocks grace time: [7 days]
